// Jest Snapshot v1, https://goo.gl/fbAQLP

exports[`AuthController should create a user 1`] = `
{
  "email": "pierre@gmail.com",
  "firstName": "Pierre",
  "lastName": "Dupont",
  "password": Any<String>,
  "taskLists": undefined,
}
`;

exports[`AuthController should show error invalid email 1`] = `
{
  "code": "auth.invalid-credentials",
}
`;

exports[`AuthController should show error invalid password 1`] = `
{
  "code": "auth.invalid-credentials",
}
`;
